<div class='content'><form method='POST'><label for='username'>Username:</label><input type='text' name='username'></input><br/><label for='password'>Password:</label><input type='password' name='password'></input><br/><label for='password_again'>Password Again:</label><input type='password' name='password_again'></input><br/><input type='submit' value='Add user'></input></form><table></table></div>